// Jest Snapshot v1, https://goo.gl/fbAQLP

exports[`create snapshot AskSpredBidLine 1`] = `
<TouchableWithoutFeedback
  accessibilityLabel="ChartsToogleID"
  onPress={[Function]}
  testID="ChartsToogleID"
>
  <View
    style={
      Object {
        "backgroundColor": "#EBECEE",
        "borderRadius": 16,
        "height": 32,
        "padding": 4,
        "width": 130,
      }
    }
  >
    <AnimatedComponent
      style={
        Array [
          Object {
            "backgroundColor": "#FFFFFF",
            "borderRadius": 12,
            "height": 24,
            "width": "50%",
          },
          Object {
            "transform": Array [
              Object {
                "translateX": 61,
              },
            ],
          },
        ]
      }
    />
    <View
      style={
        Object {
          "flexDirection": "row",
          "height": "100%",
          "left": 4,
          "position": "absolute",
          "top": 4,
          "width": "100%",
          "zIndex": 2,
        }
      }
    >
      <View
        style={
          Object {
            "alignItems": "center",
            "justifyContent": "center",
            "width": "50%",
          }
        }
      >
        <Image
          source={
            Object {
              "testUri": "../../../app/components/screens/detailCardScreen/detailCardScreenElements/chartsToogle/iconPNG/grayLine.png",
            }
          }
          style={
            Object {
              "height": 18,
              "marginRight": 4,
              "width": 26,
            }
          }
        />
      </View>
      <View
        style={
          Object {
            "alignItems": "center",
            "justifyContent": "center",
            "width": "50%",
          }
        }
      >
        <Image
          source={
            Object {
              "testUri": "../../../app/components/screens/detailCardScreen/detailCardScreenElements/chartsToogle/iconPNG/blueCandle.png",
            }
          }
          style={
            Object {
              "height": 18,
              "marginLeft": 4,
              "width": 14,
            }
          }
        />
      </View>
    </View>
  </View>
</TouchableWithoutFeedback>
`;
