// Jest Snapshot v1, https://goo.gl/fbAQLP

exports[`create snapshot QuotationItem 1`] = `
<TouchableOpacity
  accessibilityLabel="CardItemAUD/CAD"
  activeOpacity={0.2}
  onPress={[Function]}
  testID="CardItemAUD/CAD"
>
  <View
    style={
      Object {
        "alignItems": "center",
        "alignSelf": "center",
        "backgroundColor": "#ffffff",
        "borderRadius": 10,
        "height": 75,
        "justifyContent": "center",
        "marginBottom": 15,
        "width": "90%",
      }
    }
  >
    <View
      style={
        Array [
          Object {
            "alignItems": "center",
            "borderLeftWidth": 1,
            "flexDirection": "row",
            "height": 40,
            "justifyContent": "space-around",
            "width": "100%",
          },
          Object {
            "borderLeftColor": "#9FA0B2",
          },
        ]
      }
    >
      <View
        style={
          Object {
            "alignItems": "center",
            "justifyContent": "center",
            "marginLeft": 10,
            "width": 40,
          }
        }
      >
        <RightArrow />
      </View>
      <Text
        numberOfLines={1}
        style={
          Object {
            "color": "#000756",
            "flex": 2,
            "fontFamily": "Roboto-Light",
            "fontSize": 14,
            "lineHeight": 32,
            "textAlign": "left",
          }
        }
      >
        AUD/CAD
      </Text>
      <View
        style={
          Object {
            "flex": 3,
            "flexDirection": "column",
          }
        }
      >
        <QuotationItem
          number="1.1430"
          text="Ask"
        />
        <QuotationItem
          number="--"
          text="Bid"
        />
      </View>
      <TouchableOpacity
        accessibilityLabel="CardItemFavoritAUD/CAD"
        activeOpacity={0.2}
        onPress={[Function]}
        style={
          Object {
            "alignItems": "center",
            "justifyContent": "center",
            "width": 70,
          }
        }
        testID="CardItemFavoritAUD/CAD"
      >
        <StarSVG />
      </TouchableOpacity>
    </View>
  </View>
</TouchableOpacity>
`;
