// Jest Snapshot v1, https://goo.gl/fbAQLP

exports[`create snapshot AskSpredBidLine 1`] = `
<View
  style={
    Object {
      "flex": 1,
      "flexDirection": "row",
      "justifyContent": "space-between",
    }
  }
>
  <View
    style={
      Object {
        "alignItems": "center",
        "flex": 3,
        "flexDirection": "column",
        "justifyContent": "space-around",
      }
    }
  >
    <Text
      style={
        Object {
          "color": "#000756",
          "fontFamily": "Roboto-Light",
          "fontSize": 14,
          "lineHeight": 20,
        }
      }
    >
      Ask
    </Text>
    <QuotationItemDetailCard
      number={0.9454}
    />
  </View>
  <View
    style={
      Object {
        "alignItems": "center",
        "borderColor": "#D3D9E7",
        "borderLeftWidth": 1,
        "borderRightWidth": 1,
        "flex": 2,
        "flexDirection": "column",
        "justifyContent": "space-around",
      }
    }
  >
    <Text
      style={
        Object {
          "color": "#000756",
          "fontFamily": "Roboto-Light",
          "fontSize": 14,
          "lineHeight": 20,
        }
      }
    >
      Spred
    </Text>
    <Text
      style={
        Object {
          "color": "#9FA0B2",
          "fontFamily": "Roboto-Light",
          "fontSize": 14,
          "lineHeight": 25,
        }
      }
    >
      -9.1
    </Text>
  </View>
  <View
    style={
      Object {
        "alignItems": "center",
        "flex": 3,
        "flexDirection": "column",
        "justifyContent": "space-around",
      }
    }
  >
    <Text
      style={
        Object {
          "color": "#000756",
          "fontFamily": "Roboto-Light",
          "fontSize": 14,
          "lineHeight": 20,
        }
      }
    >
      Bid
    </Text>
    <QuotationItemDetailCard
      number={0.9545}
    />
  </View>
</View>
`;
