// Jest Snapshot v1, https://goo.gl/fbAQLP

exports[`CatalogDetailsScreen create snapshot CatalogDetailsScreen 1`] = `
<View
  style={
    Object {
      "backgroundColor": "#F5F5F7",
      "flex": 1,
      "height": "100%",
      "width": "100%",
    }
  }
>
  <Memo(Connect(SearchToolBar))
    setTextRenderCards={[Function]}
  />
  <FlatList
    data={Array []}
    disableVirtualization={false}
    horizontal={false}
    initialNumToRender={10}
    keyExtractor={[Function]}
    maxToRenderPerBatch={10}
    numColumns={1}
    onEndReachedThreshold={2}
    removeClippedSubviews={false}
    renderItem={[Function]}
    scrollEventThrottle={50}
    updateCellsBatchingPeriod={50}
    windowSize={21}
  />
</View>
`;
