// Jest Snapshot v1, https://goo.gl/fbAQLP

exports[`create snapshot ButtonBack 1`] = `
<TouchableOpacity
  accessibilityLabel="NotificationButtonBackundefinedID"
  activeOpacity={0.2}
  onPress={[Function]}
  testID="NotificationButtonBackundefinedID"
>
  <View
    style={
      Object {
        "height": "100%",
        "justifyContent": "center",
        "paddingLeft": 5,
        "paddingRight": 5,
        "transform": Array [],
        "width": 56,
      }
    }
  >
    <PreviousIOS
      height={20}
      width={20}
    />
  </View>
</TouchableOpacity>
`;
