// Jest Snapshot v1, https://goo.gl/fbAQLP

exports[`create snapshot ToolbarInTabbar 1`] = `
<View
  style={
    Object {
      "alignItems": "center",
      "flex": 1,
      "justifyContent": "center",
    }
  }
>
  <Text
    accessibilityLabel="TabTitleID"
    style={
      Object {
        "color": "#000756",
        "fontFamily": "Roboto-Light",
        "fontSize": 20,
      }
    }
    testID="TabTitleID"
  >
    Help
  </Text>
</View>
`;
