// Jest Snapshot v1, https://goo.gl/fbAQLP

exports[`create snapshot ButtonBack 1`] = `
<TouchableOpacity
  accessibilityLabel="ButtonBackundefinedID"
  activeOpacity={0.2}
  onPress={[Function]}
  testID="ButtonBackundefinedID"
>
  <View
    style={
      Object {
        "alignItems": "center",
        "height": 25,
        "justifyContent": "center",
        "marginLeft": 20,
        "paddingLeft": 5,
        "paddingRight": 5,
        "transform": Array [],
        "width": 25,
      }
    }
  >
    <ArrowBackIOS
      color="#fff"
      height={20}
      width={20}
    />
  </View>
</TouchableOpacity>
`;
