// Jest Snapshot v1, https://goo.gl/fbAQLP

exports[`CountryItem create snapshot CountryItem 1`] = `
<TouchableOpacity
  accessibilityLabel="ID"
  activeOpacity={0.2}
  onPress={[Function]}
  testID="ID"
>
  <View
    style={
      Object {
        "alignItems": "center",
        "backgroundColor": "#E5E5E5",
        "borderBottomWidth": 0.5,
        "borderColor": "#5A6772",
        "flexDirection": "row",
        "height": 50,
        "justifyContent": "space-between",
        "width": "100%",
      }
    }
  >
    <View
      style={
        Object {
          "alignItems": "center",
          "flexDirection": "row",
          "marginLeft": 5,
          "marginRight": 5,
          "width": "75%",
        }
      }
    >
      <View
        style={
          Object {
            "height": 30,
            "marginLeft": 10,
            "marginRight": 5,
            "width": 30,
          }
        }
      >
        
      </View>
      <Text
        numberOfLines={1}
        style={
          Object {
            "color": "#1459D2",
            "fontFamily": "Roboto-Light",
            "fontSize": 14,
            "marginLeft": 5,
            "marginRight": 15,
          }
        }
      />
    </View>
    <Text
      style={
        Object {
          "color": "#1459D2",
          "fontFamily": "Roboto-Light",
          "fontSize": 14,
          "marginLeft": 5,
          "marginRight": 15,
        }
      }
    >
      +
    </Text>
  </View>
</TouchableOpacity>
`;
