// Jest Snapshot v1, https://goo.gl/fbAQLP

exports[`create snapshot NotificationsItemDetailsScreen 1`] = `
<View
  style={
    Object {
      "backgroundColor": "#ffffff",
      "flex": 1,
      "flexDirection": "column",
      "height": "100%",
      "justifyContent": "space-between",
      "width": "100%",
    }
  }
>
  <ScrollViewMock>
    <View>
      <Text
        numberOfLines={3}
        style={
          Object {
            "color": "#000756",
            "fontFamily": "Roboto",
            "fontSize": 16,
            "lineHeight": 19,
            "marginLeft": 10,
            "marginRight": 10,
            "marginTop": 5,
          }
        }
      >
        
      </Text>
      <Text
        style={
          Object {
            "color": "#000756",
            "fontFamily": "Roboto-Light",
            "fontSize": 14,
            "lineHeight": 16,
            "marginBottom": 25,
            "marginLeft": 10,
            "marginRight": 10,
            "marginTop": 10,
          }
        }
      >
         
        
      </Text>
    </View>
    <View />
  </ScrollViewMock>
</View>
`;
